
> my-portfolio@0.1.0 build
> next build

Γû▓ Next.js 16.1.1 (Turbopack)
- Environments: .env
- Experiments (use with caution):
  Γ£ô optimizeCss
  ┬╖ optimizePackageImports

  Creating an optimized production build ...
node.exe : Browserslist: 
browsers data 
(caniuse-lite) is 7 months 
old. Please run:
At line:1 char:1
+ & "C:\Program 
Files\nodejs/node.exe" "C:\U
sers\imshi\AppData\Roaming\ 
...
+ ~~~~~~~~~~~~~~~~~~~~~~~~~~
~~~~~~~~~~~~~~~~~~~~~~~~~~~~
~~~~~~~~~~~~~~~
    + CategoryInfo          
    : NotSpecified: (Brows  
  erslist: b...ld. Please   
  run::String) [], Remot    
eException
    + FullyQualifiedErrorId 
    : NativeCommandError
 
  npx update-browserslist-db
@latest
  Why you should do it 
regularly: https://github.co
m/browserslist/update-db#rea
dme

> Build error occurred
Error: Turbopack build 
failed with 2 errors:
./src/components/layout/Navb
ar.tsx:1:20
Ecmascript file had an error
[0m[31m[1m>[22m[39m[90
m 1 |[39m [36mimport[39m 
{ useState[33m,[39m 
useEffect[33m,[39m 
memo[33m,[39m useCallback 
} [36mfrom[39m 
[32m'react'[39m
 [90m   |[39m             
       [31m[1m^[22m[39m
[31m[1m^[22m[39m[31m[1m
^[22m[39m[31m[1m^[22m[
39m[31m[1m^[22m[39m[31m
[1m^[22m[39m[31m[1m^[2
2m[39m[31m[1m^[22m[39m
[31m[1m^[22m[39m
 [90m 2 |[39m 
[36mimport[39m { motion } 
[36mfrom[39m 
[32m'framer-motion'[39m
 [90m 3 |[39m 
[36mimport[39m { 
[33mMenu[39m[33m,[39m 
[33mX[39m[33m,[39m 
[33mUser[39m[33m,[39m [
33mBriefcase[39m[33m,[39m
 [33mMail[39m[33m,[39m 
[33mGraduationCap[39m[33m,
[39m [33mAward[39m  } 
[36mfrom[39m 
[32m'lucide-react'[39m
 [90m 4 |[39m 
[36mimport[39m { 
[33mMagnetic[39m } 
[36mfrom[39m [32m'../ui/M
agnetic'[39m[0m

You're importing a 
component that needs 
`useEffect`. This React 
Hook only works in a Client 
Component. To fix, mark the 
file (or its parent) with 
the `"use client"` 
directive.

 Learn more: https://nextjs.
org/docs/app/api-reference/d
irectives/use-client



Import trace:
  Server Component:
    ./src/components/layout/
Navbar.tsx
    ./src/app/page.tsx


./src/components/layout/Navb
ar.tsx:1:10
Ecmascript file had an error
[0m[31m[1m>[22m[39m[90
m 1 |[39m [36mimport[39m 
{ useState[33m,[39m 
useEffect[33m,[39m 
memo[33m,[39m useCallback 
} [36mfrom[39m 
[32m'react'[39m
 [90m   |[39m          [3
1m[1m^[22m[39m[31m[1m^
[22m[39m[31m[1m^[22m[39
m[31m[1m^[22m[39m[31m[
1m^[22m[39m[31m[1m^[22m
[39m[31m[1m^[22m[39m[3
1m[1m^[22m[39m
 [90m 2 |[39m 
[36mimport[39m { motion } 
[36mfrom[39m 
[32m'framer-motion'[39m
 [90m 3 |[39m 
[36mimport[39m { 
[33mMenu[39m[33m,[39m 
[33mX[39m[33m,[39m 
[33mUser[39m[33m,[39m [
33mBriefcase[39m[33m,[39m
 [33mMail[39m[33m,[39m 
[33mGraduationCap[39m[33m,
[39m [33mAward[39m  } 
[36mfrom[39m 
[32m'lucide-react'[39m
 [90m 4 |[39m 
[36mimport[39m { 
[33mMagnetic[39m } 
[36mfrom[39m [32m'../ui/M
agnetic'[39m[0m

You're importing a 
component that needs 
`useState`. This React Hook 
only works in a Client 
Component. To fix, mark the 
file (or its parent) with 
the `"use client"` 
directive.

 Learn more: https://nextjs.
org/docs/app/api-reference/d
irectives/use-client



Import trace:
  Server Component:
    ./src/components/layout/
Navbar.tsx
    ./src/app/page.tsx


    at <unknown> (./src/comp
onents/layout/Navbar.tsx:1:2
0)
    at <unknown> (./src/comp
onents/layout/Navbar.tsx:1:1
0)
